(-7,8)+((678,0)+(1,2),15)
(56,0)+(3,1)+(((4,4),100),2)
