(-244,0)+(-560,1)+(-607,2)+(583,3)+(-1710,4)+(-29,5)+(-106,6)+(1268,7)+(832,8)+(701,9)
