6
(2,1)
(6,2)
(2,3)
(-1,0)+(1,2)
((1,4),0)+((1,2),2)+(1,4)
